// Jest Snapshot v1, https://goo.gl/fbAQLP

exports[`WELCOME Should match snapshot 1`] = `"<section class=\\"star-wars\\"><div class=\\"scrawl\\"><div class=\\"title\\"><p></p><h1></h1></div><p></p></div></section>"`;
